---
source: crates/tui/src/component/topic_details_component.rs
expression: terminal.backend()
---
"╭ Topic details ───────────────────────────────────────────────────────────────────────────────────────────────────────╮"
"│                                                                                                                      │"
"│                                                                                                                      │"
"│    travel-stories                                                                                                    │"
"│    4 partitions, 6 replicas                                                                                          │"
"│    0 records, 0 consumer groups                                                                                      │"
"│                                                                                                                      │"
"│                                                                                                                      │"
"│                                                                                                                      │"
"│                                                                                                                      │"
"│      ╭Name─────────────────────────State─────────────────────Partitions───────────────────────────Members─────Lag╮   │"
"│      │ 🔬 The following list of consumer members is experimental, use it with caution.                           │   │" Hidden by multi-width symbols: [(10, " ")]
"│      ╰───────────────────────────────────────────────────────────────────────────────────────────────────────────╯   │"
"│                                                                                                                      │"
"│                                                                                                                      │"
"│                                                                                                                      │"
"│                                                                                                                      │"
"│                                                                                                                      │"
"│                                                                                                                      │"
"╰──────────────────────────────────────────────────────────────────────────────────────────────────────────────────────╯"
