---
source: crates/tui/src/component/root_component.rs
expression: terminal.backend()
---
"                                                                                                                        "
"   localhost   Topics                                                                                                  "
"                                                                                                                        "
"  ┏ Topics [2] ━━━━━━━━━━━━━━━━━━━━━━━━━━━━━━━━━━━━━━━━━━━━━━━━┓ ╭ Records ────────────────────────────────────────────╮"
"  ┃ [x] topic1                                                 ┃ │Timestamp                Topic   Offset         Key  │"
"  ┃ [x] topic2                                                 ┃ │                                                     │"
"  ┃                                                            ┃ │1970-01-01T01:00  movi..ers[0]      314  7f12bd3b..  │"
"  ┃                                                            ┃ │                                                     │"
"  ┃                                                            ┃ │                                                     │"
"  ┃                                                            ┃ │                                                     │"
"  ┃                                                            ┃ │                                                     │"
"  ┃                                                            ┃ │                                                     │"
"  ┃                                                            ┃ │                                                     │"
"  ┃                                                            ┃ │                                                     │"
"  ┗━━━━━━━━━━━━━━━━━━━━━━━━━━━━━━━━━━━━━━━━━━━━━━━━━━━━━━━━━━━━┛ ╰─────────────────────────────────────────────────────╯"
"  ╭ Search ────────────────────────────────────────────────────────────────────────────────────────────────────────────╮"
"  │ from begin                                                                                                         │"
"  ╰────────────────────────────────────────────────────────────────────────────────────────────────────────────────────╯"
"                                                                                                                        "
"                                                                                                                        "
