---
source: crates/tui/src/component/help_component.rs
expression: terminal.backend()
---
"╭ Help ────────────────────────────────────────────────────────────────────────────────────────────────────────────────────────────────────────────────────────────────────────────────────────────────────────────────────────────────────────────────────────────────────────────────────────────────────╮"
"│                                                                                                                                                                                                                                                                                                          │"
"│                                                                                                                                                                                                                                                                                                          │"
"│                                                             Key      Description                                                                                                                                                                                                                         │"
"│                                                               /      Focus search input                                                                                                                                                                                                                  │"
"│                                                             ESC      Close the window/app                                                                                                                                                                                                                │"
"│                                                             TAB      Focus next window                                                                                                                                                                                                                   │"
"│                                                     SHIFT + TAB      Focus previous window                                                                                                                                                                                                               │"
"│                                                                                                                                                                                                                                                                                                          │"
"│                                                        Variable      Type                        Alias       Description                                                                                                                                                                                 │"
"│                                                           topic      String                          t        Kafka topic                                                                                                                                                                                │"
"│                                                          offset      Number                          o       Offset of the record                                                                                                                                                                        │"
"│                                                             key                                      k       Key of the record                                                                                                                                                                           │"
"│                                                           value                                      v       Value of the record                                                                                                                                                                         │"
"│                                                       partition      Number                          p       Partition of the record                                                                                                                                                                     │"
"│                                                       timestamp      String                         ts       Timestamp of the record                                                                                                                                                                     │"
"│                                                            size      String                         si       Size of the record                                                                                                                                                                          │"
"│                                                         headers      Map<String, String>             h       Headers of the record                                                                                                                                                                       │"
"│                                                                                                                                                                                                                                                                                                          │"
"│                                                        Operator      Type                                    Description                                                                                                                                                                                 │"
"│                                       == | != | > | >= | < | <=      Number | String                         Wayne's world, party time! Excellent!                                                                                                                                                       │"
"│                                                   contains | ~=      String                                  Test if the variable contains the specified string                                                                                                                                          │"
"│                                                     starts with      String                                  Test if the variable starts with the specified string                                                                                                                                       │"
"│                                                                                                                                                                                                                                                                                                          │"
"│                                                          Clause      Syntax                                  Description                                                                                                                                                                                 │"
"│                                                           limit      limit <number>                          Limit the number of kafka records to receive                                                                                                                                                │"
"│                                                            from      from <begin|end|date|offset>            Start consuming records from the beginning, the end or a date                                                                                                                               │"
"│                                                        order by      order by <var> <asc|desc>               Sort kafka records                                                                                                                                                                          │"
"│                                                                                                                                                                                                                                                                                                          │"
"│                                                           Input      Description                                                                                                                                                                                                                         │"
"│                                      timestamp >= "1 hours ago"      All records published within the last hour                                                                                                                                                                                          │"
"│  v contains "rust" and partition == 2 from beginning limit 1000      The first 1_000 kafka records from partition 2 containing 'rust' in the value                                                                                                                                                       │"
"│                (key == "ABC") || (key ~= "XYZ") from end - 5000      Among the latest 5_000 records, return the records where the key is "ABC" or the key contains "XYZ"                                                                                                                                 │"
"│                        value.hello == "world" order by key desc      Any kafka JSON record with a JSON property "hello" with the value "world", sorted by key in descending order                                                                                                                        │"
"│                                                                                                                                                                                                                                                                                                          │"
"│                                                           Theme      Theme is 'light'. run `yozf config get themes` to list available themes.                                                                                                                                                            │"
"│                                                   Configuration      '[PATH]│"
"│                                                            Logs      '[PATH]│"
"│                                                         Filters      '[PATH]│"
"│                                                          Themes      '[PATH]│"
"│                                                         Version      https://github.com/MAIF/yozefu/tree/v0.0.11                                                                                                                                                                                         │"
"│                                                                                                                                                                                                                                                                                                          │"
"│                                                                                                                                                                                                                                                                                                          │"
"│                                                                                                                                                                                                                                                                                                          │"
"│                                                                                                                                                                                                                                                                                                          │"
"│                                                                                                                                                                                                                                                                                                          │"
"│                                                                                                                                                                                                                                                                                                          │"
"│                                                                                                                                                                                                                                                                                                          │"
"│                                                                                                                                                                                                                                                                                                          │"
"│                                                                                                                                                                                                                                                                                                          │"
"│                                                                                                                                                                                                                                                                                                          │"
"│                                                                                                                                                                                                                                                                                                          │"
"│                                                                                                                                                                                                                                                                                                          │"
"│                                                                                                                                                                                                                                                                                                          │"
"│                                                                                                                                                                                                                                                                                                          │"
"│                                                                                                                                                                                                                                                                                                          │"
"│                                                                                                                                                                                                                                                                                                          │"
"│                                                                                                                                                                                                                                                                                                          │"
"│                                                                                                                                                                                                                                                                                                          │"
"╰──────────────────────────────────────────────────────────────────────────────────────────────────────────────────────────────────────────────────────────────────────────────────────────────────────────────────────────────────────────────────────────────────────────────────────────────────────────╯"
