---
source: crates/tui/src/component/root_component_test.rs
expression: terminal.backend()
---
"                                                                                                                        "
"  localhost   Topics                                                                                                   "
"                                                                                                                        "
" ┏ Topics [2] ━━━━━━━━━━━━━━━━━━━━┓ ╭ Records ────────────────────────────────────────────────────────────────────────╮ "
" ┃ [x] topic1                     ┃ │Timestamp                             Topic   Offset         Key  Value          │ "
" ┃ [x] topic2                     ┃ │                                                                                 │ "
" ┃                                ┃ │                                                                                 │ "
" ┃                                ┃ │                                                                                 │ "
" ┃                                ┃ │                                                                                 │ "
" ┃                                ┃ │                                                                                 │ "
" ┃                                ┃ │                                                                                 │ "
" ┃                                ┃ │                                                                                 │ "
" ┃                                ┃ │                                                                                 │ "
" ┃                                ┃ │                                                                                 │ "
" ┗━━━━━━━━━━━━━━━━━━━━━━━━━━━━━━━━┛ ╰─────────────────────────────────────────────────────────────────────────────────╯ "
" ╭ Search ────────────────────────────────────────────────────────────────────────────────────────────────────────────╮ "
" │ from begin                                                                                                         │ "
" ╰────────────────────────────────────────────────────────────────────────────────────────────────────────────────────╯ "
"                                                                                                                        "
"                                                                                                                        "
